// Jest Snapshot v1, https://goo.gl/fbAQLP

exports[`renders without crashing 1`] = `
<button
  type="button"
>
  <span
    className="style__ButtonBase-pnyves-0 Plmbf"
  >
    CTA button
  </span>
</button>
`;
