// Jest Snapshot v1, https://goo.gl/fbAQLP

exports[`renders without crashing 1`] = `
<div
  className="style__OverlayBase-sc-1jvobgw-0 dbYqal"
/>
`;
