// Jest Snapshot v1, https://goo.gl/fbAQLP

exports[`renders without crashing 1`] = `
Array [
  <div
    className="style__CalendarNavbarBase-sc-9kauge-0 cFouVw"
  >
    <button
      className="style__IconBase-ak3679-0 eiqeDU icon"
      onClick={[Function]}
    >
      <svg
        viewBox="0 0 143 143"
      >
        <path
          d="M97.8 123.9c-.8 0-1.6-.3-2.3-.9l-55-47.6c-.8-.7-1.2-1.6-1.2-2.6s.4-2 1.2-2.6l55-48.2c1.5-1.3 3.7-1.1 4.9.3 1.3 1.5 1.1 3.7-.3 4.9l-52 45.6 52 45c1.5 1.3 1.6 3.5.4 4.9-.8.8-1.8 1.2-2.7 1.2z"
        />
      </svg>
    </button>
    January 2021
    <button
      className="style__IconBase-ak3679-0 eiqeDU icon"
      onClick={[Function]}
    >
      <svg
        viewBox="0 0 143 143"
      >
        <path
          d="M43.5 123.9c-1 0-1.9-.4-2.6-1.2-1.3-1.5-1.1-3.7.3-4.9l52-45.6-52-45c-1.5-1.3-1.6-3.5-.4-4.9 1.3-1.5 3.5-1.6 4.9-.4l55 47.6c.8.7 1.2 1.6 1.2 2.6s-.4 2-1.2 2.6l-55 48.2c-.6.7-1.4 1-2.2 1z"
        />
      </svg>
    </button>
  </div>,
  <div
    className="style__CalendarWeekdaysBase-sc-1ai2hag-0 krhkQ"
  >
    <div>
      S
    </div>
    <div>
      M
    </div>
    <div>
      T
    </div>
    <div>
      W
    </div>
    <div>
      T
    </div>
    <div>
      F
    </div>
    <div>
      S
    </div>
  </div>,
  <div
    className="style__CalendarGridBase-sc-1qui6a5-0 ehrtpv"
  >
    <button
      className="style__CalendarCellBase-sc-17uxo6m-0 cEItIt"
      onClick={[Function]}
    >
      1
    </button>
    <button
      className="style__CalendarCellBase-sc-17uxo6m-0 cEItIt"
      onClick={[Function]}
    >
      2
    </button>
    <button
      className="style__CalendarCellBase-sc-17uxo6m-0 cEItIt"
      onClick={[Function]}
    >
      3
    </button>
    <button
      className="style__CalendarCellBase-sc-17uxo6m-0 cEItIt"
      onClick={[Function]}
    >
      4
    </button>
    <button
      className="style__CalendarCellBase-sc-17uxo6m-0 cEItIt"
      onClick={[Function]}
    >
      5
    </button>
    <button
      className="style__CalendarCellBase-sc-17uxo6m-0 cEItIt"
      onClick={[Function]}
    >
      6
    </button>
    <button
      className="style__CalendarCellBase-sc-17uxo6m-0 cEItIt"
      onClick={[Function]}
    >
      7
    </button>
    <button
      className="style__CalendarCellBase-sc-17uxo6m-0 cEItIt"
      onClick={[Function]}
    >
      8
    </button>
    <button
      className="style__CalendarCellBase-sc-17uxo6m-0 cEItIt"
      onClick={[Function]}
    >
      9
    </button>
    <button
      className="style__CalendarCellBase-sc-17uxo6m-0 cEItIt"
      onClick={[Function]}
    >
      10
    </button>
    <button
      className="style__CalendarCellBase-sc-17uxo6m-0 cEItIt"
      onClick={[Function]}
    >
      11
    </button>
    <button
      className="style__CalendarCellBase-sc-17uxo6m-0 cEItIt"
      onClick={[Function]}
    >
      12
    </button>
    <button
      className="style__CalendarCellBase-sc-17uxo6m-0 cEItIt"
      onClick={[Function]}
    >
      13
    </button>
    <button
      className="style__CalendarCellBase-sc-17uxo6m-0 cEItIt"
      onClick={[Function]}
    >
      14
    </button>
    <button
      className="style__CalendarCellBase-sc-17uxo6m-0 cEItIt"
      onClick={[Function]}
    >
      15
    </button>
    <button
      className="style__CalendarCellBase-sc-17uxo6m-0 cEItIt"
      onClick={[Function]}
    >
      16
    </button>
    <button
      className="style__CalendarCellBase-sc-17uxo6m-0 cEItIt"
      onClick={[Function]}
    >
      17
    </button>
    <button
      className="style__CalendarCellBase-sc-17uxo6m-0 cEItIt"
      onClick={[Function]}
    >
      18
    </button>
    <button
      className="style__CalendarCellBase-sc-17uxo6m-0 kqyGos"
      onClick={[Function]}
    >
      19
    </button>
    <button
      className="style__CalendarCellBase-sc-17uxo6m-0 cEItIt"
      onClick={[Function]}
    >
      20
    </button>
    <button
      className="style__CalendarCellBase-sc-17uxo6m-0 cEItIt"
      onClick={[Function]}
    >
      21
    </button>
    <button
      className="style__CalendarCellBase-sc-17uxo6m-0 cEItIt"
      onClick={[Function]}
    >
      22
    </button>
    <button
      className="style__CalendarCellBase-sc-17uxo6m-0 cEItIt"
      onClick={[Function]}
    >
      23
    </button>
    <button
      className="style__CalendarCellBase-sc-17uxo6m-0 cEItIt"
      onClick={[Function]}
    >
      24
    </button>
    <button
      className="style__CalendarCellBase-sc-17uxo6m-0 cEItIt"
      onClick={[Function]}
    >
      25
    </button>
    <button
      className="style__CalendarCellBase-sc-17uxo6m-0 cEItIt"
      onClick={[Function]}
    >
      26
    </button>
    <button
      className="style__CalendarCellBase-sc-17uxo6m-0 cEItIt"
      onClick={[Function]}
    >
      27
    </button>
    <button
      className="style__CalendarCellBase-sc-17uxo6m-0 cEItIt"
      onClick={[Function]}
    >
      28
    </button>
    <button
      className="style__CalendarCellBase-sc-17uxo6m-0 cEItIt"
      onClick={[Function]}
    >
      29
    </button>
    <button
      className="style__CalendarCellBase-sc-17uxo6m-0 cEItIt"
      onClick={[Function]}
    >
      30
    </button>
    <button
      className="style__CalendarCellBase-sc-17uxo6m-0 cEItIt"
      onClick={[Function]}
    >
      31
    </button>
  </div>,
]
`;
