// Jest Snapshot v1, https://goo.gl/fbAQLP

exports[`renders without crashing 1`] = `
<div
  className="style__BannerImageBase-sc-47mmou-0 jzlEeT"
>
  <div>
    Something
  </div>
</div>
`;
