// Jest Snapshot v1, https://goo.gl/fbAQLP

exports[`renders without crashing 1`] = `
<a
  href="#"
>
  <span
    className="sc-bdVaJa eamlOR"
  >
    Link text
  </span>
</a>
`;
