// Jest Snapshot v1, https://goo.gl/fbAQLP

exports[`renders without crashing 1`] = `
<ul
  className="style__MenuPrimaryBase-sc-4ap9m-0 dqEskV"
>
  <li
    className="style__MenuBase-sc-6r1iet-0 EOKtT"
  >
    <a
      href="#"
    >
      <div
        className="style__MenuItemBase-sc-4wfueo-0 kQDKBR"
      >
        About us
      </div>
    </a>
  </li>
  <li
    className="style__MenuBase-sc-6r1iet-0 EOKtT"
  >
    <div
      className="style__MenuItemBase-sc-4wfueo-0 liCkWZ"
    >
      Other products
    </div>
    <ul
      className="style__MenuListBase-sc-144u7yf-0 kAyikQ"
    >
      <li>
        <a
          href="#"
        >
          <div
            className="style__MenuListItemBase-sc-81dvyg-0 fEBEyG"
          >
            <span
              className="style__IconBase-ak3679-0 weCXC icon"
            >
              <svg
                viewBox="0 0 143 143"
              >
                <path
                  d="M119.2 24.9c-.2-1.6-1.6-2.9-3.3-3-30.4-1.5-53.2 5.8-67.9 21.8C28.4 65 30 94.5 30.7 101.1c-4.7 8.6-9.5 17.7-9.5 17.7-.5 1.6.1 3.4 1.6 4.2.5.3 1.1.4 1.7.4 1.1 0 2.1-.5 2.8-1.4 0 0 .1-.1.1-.3.1-.1.1-.2.2-.2 0 0 2.9-5.4 3-5.5 1.6-2.9 3.5-6.5 5.5-10.2 22.6 4.1 47.4-2.8 63.8-18.1C111.3 77 124 57.4 119.2 24.9zm-66 23.5C64.3 36.3 81 29.7 102.9 28.8 95 33.8 83.7 41.5 72 51.6c.1-3.5 0-7.3-.3-9.8-.3-1.9-2-3.2-4-3-1.9.3-3.2 2-3 4 .5 3.4.3 11.1.1 15.2-9.7 9-19.3 19.7-27.3 31.7.5-11.1 3.6-28.1 15.7-41.3zM95 82.6c-14.2 13.3-35.5 19.6-55.3 16.7 4.7-7.9 10.2-15.2 16.1-21.9 3.3-.4 16.1-1.8 25.3.1 1.9.4 3.7-.8 4.1-2.7.4-1.9-.8-3.7-2.7-4.1-6.3-1.3-13.8-1.2-19.5-.9 7.2-7.3 14.6-13.8 21.5-19.3 3.2-.2 12.8-.6 18.6 0 1.9.2 3.7-1.1 3.9-3.1.2-1.9-1.1-3.7-3.1-3.9-2.8-.3-6.3-.4-9.7-.4 7.9-5.6 14.6-9.8 18.7-12.2 2.4 26.5-8.2 42.7-17.9 51.7z"
                />
              </svg>
            </span>
            <span
              className="style__LinkBase-sc-1gvcrtp-0 fjbDy"
            >
              Tree
            </span>
            <p
              className="style__TextBase-sc-11ixwvd-0 dwEpwZ"
            >
              Lorem ipsum dolor sit amet, consectetur adipiscing elit. Maecenas sit amet accumsan dolor. Nullam fringilla quam leo.
            </p>
          </div>
        </a>
      </li>
      <li>
        <a
          href="#"
        >
          <div
            className="style__MenuListItemBase-sc-81dvyg-0 fEBEyG"
          >
            <span
              className="style__IconBase-ak3679-0 weCXC icon"
            >
              <svg
                viewBox="0 0 143 143"
              >
                <path
                  d="M103.6 117.9H21.9c-5.6 0-10.2-4.6-10.2-10.2V61c0-5.6 4.6-10.2 10.2-10.2h81.8c5.6 0 10.2 4.6 10.2 10.2v46.8c.1 2.6-1 5.2-2.9 7.1-2 1.9-4.6 3-7.4 3zM21.9 57.8c-1.8 0-3.2 1.4-3.2 3.2v46.8c0 1.8 1.4 3.2 3.2 3.2h81.8c.9 0 1.7-.4 2.3-1 .6-.6.9-1.3.9-2.1V61.1c0-1.8-1.4-3.2-3.2-3.2l-81.8-.1z"
                />
                <path
                  d="M32 107.2c-.9 0-1.8-.3-2.5-1l-6.7-6.7c-.7-.7-1-1.5-1-2.5s.4-1.8 1-2.5l6.7-6.7c1.4-1.4 3.6-1.4 5 0s1.4 3.6 0 4.9L30.2 97l4.2 4.2c1.4 1.4 1.4 3.6 0 4.9-.7.7-1.6 1.1-2.4 1.1zM94.7 85.5H78.8c-4.4 0-8-3.6-8-8v-7.8c0-4.4 3.6-8 8-8h15.9c4.4 0 8 3.6 8 8v7.8c-.1 4.4-3.6 8-8 8zM78.8 68.8c-.5 0-1 .5-1 1v7.8c0 .5.5 1 1 1h15.9c.5 0 1-.5 1-1v-7.8c0-.5-.5-1-1-1H78.8z"
                />
                <path
                  d="M120.7 96c-1.9 0-3.5-1.6-3.5-3.5s1.6-3.5 3.5-3.5c1.8 0 3.2-1.4 3.2-3.2V39.1c0-1.8-1.4-3.2-3.2-3.2H38.9c-1.8 0-3.2 1.4-3.2 3.2v5.8c0 1.9-1.6 3.5-3.5 3.5s-3.5-1.6-3.5-3.5v-5.8c0-5.6 4.6-10.2 10.2-10.2h81.8c5.6 0 10.2 4.6 10.2 10.2v46.8c0 5.6-4.6 10.1-10.2 10.1z"
                />
              </svg>
            </span>
            <span
              className="style__LinkBase-sc-1gvcrtp-0 fjbDy"
            >
              Payment
            </span>
            <span
              className="style__IconLabelBase-sc-113x6jx-0 fZXecA"
            >
              <span
                className="style__IconBase-ak3679-0 evqAiC icon"
              >
                <svg
                  viewBox="0 0 143 143"
                >
                  <path
                    d="M116.3 76.9c-1.9 0-3.5 1.6-3.5 3.5v30.4c0 3-1.9 5.6-4 5.6H31.5c-2.1 0-4-2.6-4-5.6V36.7c0-3 1.8-5.6 4-5.6h38.6c1.9 0 3.5-1.6 3.5-3.5s-1.6-3.5-3.5-3.5H31.5c-6.1 0-11 5.6-11 12.6v74.1c0 6.9 4.9 12.6 11 12.6h77.3c6.1 0 11-5.6 11-12.6V80.4c0-2-1.6-3.5-3.5-3.5z"
                  />
                  <path
                    d="M125.6 42.1L94.7 18.7c-1.5-1.2-3.7-.9-4.9.7-1.2 1.5-.9 3.7.7 4.9l22.7 17.2c-26.6.4-42.2 3.9-51.8 11.2C49.9 61.6 47.5 75.6 47.5 94c0 1.9 1.6 3.5 3.5 3.5s3.5-1.6 3.5-3.5c0-33.3 8.2-44.6 58.3-45.5L90.5 65.1c-1.6 1.2-1.9 3.3-.7 4.9.7.9 1.7 1.4 2.8 1.4.7 0 1.5-.2 2.1-.7l30.9-23c.9-.7 1.4-1.7 1.4-2.8s-.5-2.1-1.4-2.8z"
                  />
                </svg>
              </span>
              Dev
            </span>
          </div>
        </a>
      </li>
    </ul>
  </li>
</ul>
`;
