// Jest Snapshot v1, https://goo.gl/fbAQLP

exports[`renders without crashing 1`] = `
<option
  disabled={false}
  value="first"
>
  First option
</option>
`;
