// Jest Snapshot v1, https://goo.gl/fbAQLP

exports[`renders without crashing 1`] = `
<div
  className="sc-bdVaJa dvhcAK"
>
  <label
    htmlFor="selectId1"
  >
    Your choice
  </label>
  <select
    id="selectId1"
    onChange={[Function]}
    theme={
      Object {
        "animation": Object {},
        "bg": "#ffffff",
        "button": Object {
          "font": Object {
            "lg": "1.5rem",
            "md": "1.4rem",
            "sm": "1.2rem",
          },
          "letterSpacing": Object {
            "lg": "0.45rem",
            "md": "0.4rem",
            "sm": "0.3rem",
          },
          "paddingHeight": Object {
            "lg": "19px",
            "md": "16px",
            "sm": "13px",
          },
          "paddingWidth": Object {
            "lg": "29px",
            "md": "26px",
            "sm": "22px",
          },
          "shift": "3px",
        },
        "color": Object {
          "black00": "#000000",
          "grey10": "#eeeeee",
          "grey20": "#dbdbdb",
          "grey30": "#aaaaaa",
          "grey40": "#858585",
          "grey50": "#636363",
          "grey60": "#434343",
          "primary": Object {
            "gradientBase": "#77d1a6",
            "gradientShade": "#a4db95",
            "light": "#d5f3e5",
            "main": "#33ad73",
          },
          "quaternary": Object {
            "gradientBase": "#e98e90",
            "gradientShade": "#e98eb9",
            "light": "#f8d1d2",
            "main": "#ec6a6a",
          },
          "secondary": Object {
            "gradientBase": "#51c6be",
            "gradientShade": "#76bbd8",
            "light": "#e1f3f2",
            "main": "#00a99d",
          },
          "state": Object {
            "danger": "#b54025",
            "default": "#00a99d",
            "success": "#33ad73",
            "warning": "#e58a28",
          },
          "tertiary": Object {
            "gradientBase": "#fab56b",
            "gradientShade": "#faa272",
            "light": "#f8e1c7",
            "main": "#e58a28",
          },
          "white00": "#ffffff",
          "white10": "#fafafa",
          "white20": "#f6f6f6",
        },
        "font": Object {
          "size": Object {
            "base": "1.8rem",
            "lg": "3rem",
            "md": "2.1rem",
            "sm": "1.6rem",
            "xl": "4rem",
            "xs": "1.4rem",
            "xxs": "1.2rem",
          },
          "spacing": "0.3em",
          "underline": Object {
            "line": Object {
              "base": "2px",
              "lg": "3px",
              "md": "2px",
              "sm": "2px",
              "xl": "3px",
              "xs": "2px",
              "xxs": "2px",
            },
            "space": Object {
              "base": "12px",
              "lg": "24px",
              "md": "12px",
              "sm": "12px",
              "xl": "24px",
              "xs": "10px",
              "xxs": "10px",
            },
            "width": Object {
              "base": "50px",
              "lg": "80px",
              "md": "65px",
              "sm": "50px",
              "xl": "80px",
              "xs": "40px",
              "xxs": "40px",
            },
          },
          "weight": Object {
            "bold": 700,
            "normal": 400,
          },
        },
        "fontDefault": "#434343",
        "form": Object {
          "inputWidth": Object {
            "lg": "500px",
            "md": "400px",
            "sm": "330px",
          },
          "textareaHeight": "200px",
        },
        "line": "2px",
        "name": "Default",
        "query": Object {
          "max": Object {
            "lg": "max-width: 1199px",
            "md": "max-width: 959px",
            "sm": "max-width: 549px",
            "xl": "max-width: 1359px",
          },
          "min": Object {
            "lg": "min-width: 1200px",
            "md": "min-width: 960px",
            "sm": "min-width: 550px",
            "xl": "min-width: 1360px",
          },
        },
        "radius": Object {
          "lg": "12px",
          "sm": "4px",
        },
        "space": Object {
          "lg": "32px",
          "md": "16px",
          "none": "0",
          "sm": "8px",
          "xl": "64px",
          "xs": "4px",
        },
        "transition": Object {
          "sm": "0.3s",
          "xs": "0.2s",
        },
        "width": Object {
          "lg": "",
          "md": "",
          "sm": "",
          "xl": "",
          "xs": "",
        },
        "zindex": Object {
          "base": 0,
          "button": -5,
          "hidden": -100,
        },
      }
    }
    value=""
  >
    <option
      disabled={true}
      value=""
    >
      Choose your option...
    </option>
    <option
      value="first"
    >
      First option
    </option>
    <option
      value="second"
    >
      Second option
    </option>
  </select>
  <span />
</div>
`;
