// Jest Snapshot v1, https://goo.gl/fbAQLP

exports[`renders without crashing 1`] = `
<div
  className="style__DaTableHeadCellBase-sc-1fpn11j-0 eHkPpV"
>
  <div
    className="head-child"
  >
    <span
      className="icon-child"
    >
      <button
        className="style__IconBase-ak3679-0 kpIFDm icon"
      >
        <svg
          viewBox="0 0 143 143"
        >
          <path
            d="M70.6 105.3c-1 0-2-.4-2.6-1.2l-48.2-55c-1.3-1.5-1.1-3.7.3-4.9 1.5-1.3 3.7-1.1 4.9.3l45.6 52 45-52c1.3-1.5 3.5-1.6 4.9-.4 1.5 1.3 1.6 3.5.4 4.9l-47.6 55c-.7.9-1.7 1.3-2.7 1.3z"
          />
        </svg>
      </button>
    </span>
  </div>
  <div
    className="cell-child"
  >
    Something
  </div>
</div>
`;
