// Jest Snapshot v1, https://goo.gl/fbAQLP

exports[`renders without crashing 1`] = `
<header
  className="sc-gZMcBi iSMSZB"
>
  <div
    className="main-nav"
  >
    <button
      className="sc-gzVnrw klyhST"
    >
      <span />
      <span />
      <span />
    </button>
  </div>
  <ul
    className="sc-bZQynM ikPvEl"
  >
    <li
      className="sc-EHOje dkqcmg"
    >
      <a
        href="#"
      >
        <div
          className="sc-bxivhb mGqfH"
        >
          <span
            className="sc-bdVaJa etiQqm"
          >
            About us
          </span>
        </div>
      </a>
    </li>
  </ul>
</header>
`;
