// Jest Snapshot v1, https://goo.gl/fbAQLP

exports[`renders without crashing 1`] = `
<div
  className="style__InputCardBase-sc-8iz749-0 cbnWZt"
>
  <input
    id="test1"
    type="radio"
  />
  <label
    htmlFor="test1"
  >
    <span
      className="style__IconBase-ak3679-0 hftxTk icon"
      type={null}
    >
      <svg
        viewBox="0 0 143 143"
      >
        <path
          d="M115.5 94.1c-1.9 0-3.5 1.6-3.5 3.5v18H29v-18c0-1.9-1.6-3.5-3.5-3.5S22 95.6 22 97.6v20.3c0 2.7 2.3 4.7 5.3 4.7h86.4c3 0 5.3-2.1 5.3-4.7V97.6c0-2-1.6-3.5-3.5-3.5z"
        />
        <path
          d="M117.5 41.1h-94c-2.9 0-5.3 2.4-5.3 5.3v39.7c0 2.9 2.4 5.3 5.3 5.3h31.3c.7 5.5 5.4 9.7 11 9.7h11.7c5.6 0 10.3-4.2 11-9.7h29c2.9 0 5.3-2.4 5.3-5.3V46.4c0-2.9-2.3-5.3-5.3-5.3zM81.6 89.9c0 2.3-1.9 4.1-4.1 4.1H65.8c-2.3 0-4.1-1.9-4.1-4.1v-4c0-2.3 1.9-4.1 4.1-4.1h11.7c2.3 0 4.1 1.9 4.1 4.1v4zm34.2-5.5H88.5c-.7-5.4-5.4-9.6-11-9.6H65.8c-5.6 0-10.3 4.2-11 9.6H25.2V48.1h90.7l-.1 36.3zM57.3 38.8c1.9 0 3.5-1.6 3.5-3.5v-5.9H82.5l-.1 5.8c0 1.9 1.5 3.5 3.5 3.5 1.9 0 3.5-1.5 3.5-3.5l.1-7c0-3.3-3.1-5.9-7.1-5.9H60.9c-4 0-7.1 2.6-7.1 5.9v6.9c0 2.1 1.5 3.7 3.5 3.7z"
        />
      </svg>
    </span>
    <span
      className="checked"
    >
      <span
        className="style__IconBase-ak3679-0 gRWdZX icon"
        type={null}
      >
        <svg
          viewBox="0 0 143 143"
        >
          <path
            d="M67.1 123c-1.8 0-3.5-.7-4.8-1.9l-48.6-45c-2.8-2.6-3-7.1-.4-9.9 2.6-2.8 7.1-3 9.9-.4l42.6 39.4 52.8-78.5c2.2-3.2 6.5-4.1 9.7-1.9s4.1 6.5 1.9 9.7l-57.4 85.2c-1.1 1.7-3 2.8-5 3-.1.3-.4.3-.7.3z"
          />
        </svg>
      </span>
    </span>
    Label
  </label>
</div>
`;
