// Jest Snapshot v1, https://goo.gl/fbAQLP

exports[`renders without crashing 1`] = `
<div>
  <div
    className="sc-AxjAm gmXMlt"
  >
    <div
      className="sc-AxirZ kImrdU"
    />
  </div>
</div>
`;
