// Jest Snapshot v1, https://goo.gl/fbAQLP

exports[`renders without crashing 1`] = `
<div
  className="style__LoaderBase-u2upz2-0 uIdYJ"
>
  <span />
</div>
`;
