// Jest Snapshot v1, https://goo.gl/fbAQLP

exports[`renders without crashing 1`] = `
<button
  className="style__MenuHamburgerBase-sc-1tooz6t-0 czVrHi"
  type="button"
>
  <span />
  <span />
  <span />
</button>
`;
