// Jest Snapshot v1, https://goo.gl/fbAQLP

exports[`renders without crashing 1`] = `
<div
  className="style__TableCellBase-xv8yz4-0 dLLoeY"
>
  <span
    className="content"
  >
    Something
  </span>
</div>
`;
