// Jest Snapshot v1, https://goo.gl/fbAQLP

exports[`renders without crashing 1`] = `
<div
  className="style__PaginationBase-sc-qrycdw-0 heRXKc"
>
  <button
    className="style__PaginationItemBase-sc-1fr64bb-0 derpem"
    onClick={[Function]}
    type="button"
  >
    1
  </button>
  <button
    className="style__PaginationItemBase-sc-1fr64bb-0 derpem"
    onClick={[Function]}
    type="button"
  >
    2
  </button>
  <button
    className="style__PaginationItemBase-sc-1fr64bb-0 bdXYTz"
    onClick={[Function]}
    type="button"
  >
    3
  </button>
  <button
    className="style__PaginationItemBase-sc-1fr64bb-0 derpem"
    onClick={[Function]}
    type="button"
  >
    4
  </button>
  ...
  <button
    className="style__PaginationItemBase-sc-1fr64bb-0 derpem"
    onClick={[Function]}
    type="button"
  >
    21
  </button>
</div>
`;
