// Jest Snapshot v1, https://goo.gl/fbAQLP

exports[`renders without crashing 1`] = `
<div
  className="sc-htpNat iHbVbz"
>
  <header
    className="sc-bdVaJa icKNKz"
  >
    <button
      className="sc-bxivhb WUaOj"
    >
      <span />
      <span />
      <span />
    </button>
  </header>
  <div
    className="sc-bwzfXH hIddlc"
  />
</div>
`;
