// Jest Snapshot v1, https://goo.gl/fbAQLP

exports[`renders without crashing 1`] = `
<span
  className="sc-AxjAm fhRJHj"
>
  CTA button
</span>
`;
