// Jest Snapshot v1, https://goo.gl/fbAQLP

exports[`renders without crashing 1`] = `
<div
  className="style__SkeletonItemBase-sc-1akijax-0 dZAIZm"
/>
`;
