// Jest Snapshot v1, https://goo.gl/fbAQLP

exports[`renders without crashing 1`] = `
<span
  className="style__IconBase-ak3679-0 hftxTk icon"
  type={null}
>
  <svg
    viewBox="0 0 143 143"
  >
    <path
      d="M123.2 55.5L110.8 25c-.5-1.3-1.8-2.2-3.2-2.2H33.2c-1.4 0-2.7.9-3.2 2.2L17.8 55.5c-.2.4-.3.9-.3 1.3 0 7.4 6 13.4 13.4 13.4 3.9 0 7.4-1.7 9.9-4.4 2.5 2.7 6 4.4 9.9 4.4 4 0 7.6-1.8 10-4.5 2.5 2.8 6 4.5 10 4.5 3.8 0 7.4-1.7 9.8-4.4 2.4 2.7 6 4.4 9.9 4.4s7.4-1.7 9.9-4.3c2.5 2.7 6 4.3 9.9 4.3 7.4 0 13.4-6 13.4-13.4-.1-.5-.2-.9-.4-1.3zm-13.1 7.7c-3.5 0-6.3-2.8-6.4-6.1 0-.4 0-.5-1.9-8.6-.8-3.3-1.7-7-1.8-7.5-.3-1.6-1.7-2.8-3.4-2.8-1.9 0-3.5 1.6-3.5 3.5 0 .4 0 .5 1.9 8.5.7 2.8 1.4 6.1 1.7 7.3-.3 3.3-3 5.8-6.3 5.8-3.5 0-6.3-2.7-6.4-6.1 0-.2 0-.3-.5-6.5-.2-2.2-.5-5.2-.8-9.3-.2-1.9-1.8-3.3-3.6-3.2-1.9.1-3.3 1.6-3.3 3.5v.7c.1.7.2 2.2.5 5.4.1.6.1 1.3.2 2 .3 3.6.6 6.7.6 7.5-.2 3.4-3 6.1-6.4 6.1-3.5 0-6.3-2.8-6.4-6.3L65.4 42c.1-1.9-1.3-3.6-3.2-3.7-1.9-.2-3.6 1.3-3.8 3.2l-1.4 15v.3c0 3.5-2.9 6.4-6.4 6.4-3.4 0-6.1-2.6-6.4-5.9.3-1.1 1-4.3 1.7-7.2.8-3.6 1.3-5.5 1.6-6.7.1-.4.2-.7.3-1 .1-.5.1-.6.1-.8 0-1.8-1.3-3.3-3.1-3.5s-3.4.9-3.8 2.7c-1.7 7.2-2.6 11.1-3.1 13.3-.6 2.6-.6 2.7-.6 3 0 3.5-2.9 6.3-6.4 6.3-3.3 0-6-2.5-6.3-5.8l11-27.5h69.7l11.2 27.5c-.3 3-3.1 5.6-6.4 5.6zM115 74.3c-1.9 0-3.5 1.6-3.5 3.5v36.4H52.7V77.6c0-1.9-1.6-3.5-3.5-3.5s-3.5 1.6-3.5 3.5v36.5H29.4V77.8c0-1.9-1.6-3.5-3.5-3.5s-3.5 1.6-3.5 3.5v39.9c0 1.9 1.6 3.5 3.5 3.5H115c1.9 0 3.5-1.6 3.5-3.5V77.8c0-2-1.6-3.5-3.5-3.5z"
    />
    <path
      d="M100.8 104.7c2.6 0 4.7-2.1 4.7-4.7V79.8c0-2.6-2.1-4.7-4.7-4.7H63.2c-2.6 0-4.7 2.1-4.7 4.7V100c0 2.6 2.1 4.7 4.7 4.7h37.6zM65.5 82.1h33.1v15.6H65.5V82.1z"
    />
  </svg>
</span>
`;
