// Jest Snapshot v1, https://goo.gl/fbAQLP

exports[`renders without crashing 1`] = `
<ul
  className="sc-bdVaJa eiJwBo"
>
  <li>
    Something Something else Other element
  </li>
</ul>
`;
