// Jest Snapshot v1, https://goo.gl/fbAQLP

exports[`renders without crashing 1`] = `
<ul
  className="style__ListBase-sc-1a6882z-0 lcmBjs"
>
  <li>
    <span
      className="style__ListItemBase-sc-176tc5j-0 fBMRKh"
      type={null}
    >
      <span
        className="bullet"
      />
      <p
        className="style__TextBase-sc-11ixwvd-0 gQgxOT"
      >
        Something
      </p>
    </span>
  </li>
  <li>
    <span
      className="style__ListItemBase-sc-176tc5j-0 fBMRKh"
      type={null}
    >
      <span
        className="bullet"
      />
      <p
        className="style__TextBase-sc-11ixwvd-0 gQgxOT"
      >
        Something else
      </p>
    </span>
  </li>
</ul>
`;
