// Jest Snapshot v1, https://goo.gl/fbAQLP

exports[`renders without crashing 1`] = `
<div
  className="style__MessageBase-ts6lfl-0 hgewSx"
>
  <p
    className="style__TextBase-sc-11ixwvd-0 dwEpwZ"
  >
    Lorem ipsum dolor sit amet, consectetur non sodales.
  </p>
</div>
`;
