// Jest Snapshot v1, https://goo.gl/fbAQLP

exports[`renders without crashing 1`] = `
<div
  className="sc-bdVaJa bKYEZK"
>
  <div>
    Premier élément
  </div>
  <div
    className="sc-bdVaJa bKYEZK"
  >
    <div>
      Deuxième élément
    </div>
  </div>
</div>
`;
