// Jest Snapshot v1, https://goo.gl/fbAQLP

exports[`renders without crashing 1`] = `
<button
  className="sc-gtssRu gbCbWk"
>
  <span
    className="sc-bdnylx jOzeYY icon"
  >
    <svg
      viewBox="0 0 143 143"
    >
      <path
        d="M23.6 102.5c-.8 0-1.6-.3-2.3-.9-1.5-1.3-1.6-3.5-.4-4.9l47.6-55c.7-.8 1.6-1.2 2.6-1.2s2 .4 2.6 1.2l48.2 55c1.3 1.5 1.1 3.7-.3 4.9-1.5 1.3-3.7 1.1-4.9-.3l-45.6-52-45 52c-.5.8-1.5 1.2-2.5 1.2z"
      />
    </svg>
  </span>
  <svg
    className="background"
    viewBox="0 0 170 28.8"
  >
    <path
      d="M85,0.8c37.6,0,63,28,85,28H0C29,28.8,47.4,0.8,85,0.8z"
    />
  </svg>
</button>
`;
