// Jest Snapshot v1, https://goo.gl/fbAQLP

exports[`renders without crashing 1`] = `
<button
  className="sc-bdnylx dUeFyK"
  disabled={false}
>
  <span
    className="sc-gtssRu gpLNlF icon"
  >
    <svg
      viewBox="0 0 143 143"
    >
      <circle
        cx={68.9}
        cy={127.2}
        r={6.9}
      />
      <path
        d="M68.9 113c-3.9 0-7-3.1-7-7V86.4c0-14 10.4-19.8 18-24 8.1-4.5 12.3-7.2 12.3-14.8 0-9.9-8.2-23.7-23.7-23.7-17.1 0-22.9 16.3-22.9 23.7 0 3.9-3.1 7-7 7s-7-3.1-7-7c0-15.2 11.7-37.7 36.9-37.7 23.3 0 37.7 19.6 37.7 37.7 0 16.1-11.3 22.4-19.5 27-7.8 4.4-10.8 6.5-10.8 11.8V106c0 3.9-3.1 7-7 7z"
      />
    </svg>
  </span>
</button>
`;
