// Jest Snapshot v1, https://goo.gl/fbAQLP

exports[`renders without crashing 1`] = `
<div
  className="style__SidebarBase-qd29dm-0 htbAsZ"
>
  <span
    className="style__IconBase-ak3679-0 cZjoZu icon"
  >
    <svg
      viewBox="0 0 143 143"
    >
      <path
        d="M43.5 123.9c-1 0-1.9-.4-2.6-1.2-1.3-1.5-1.1-3.7.3-4.9l52-45.6-52-45c-1.5-1.3-1.6-3.5-.4-4.9 1.3-1.5 3.5-1.6 4.9-.4l55 47.6c.8.7 1.2 1.6 1.2 2.6s-.4 2-1.2 2.6l-55 48.2c-.6.7-1.4 1-2.2 1z"
      />
    </svg>
  </span>
</div>
`;
