// Jest Snapshot v1, https://goo.gl/fbAQLP

exports[`renders without crashing 1`] = `
<div
  className="style__ButtonGroupBase-cn1823-0 cWBQvF"
>
  <button
    type="button"
  >
    <span
      className="style__ButtonBase-pnyves-0 godPhX"
    >
      First button
    </span>
  </button>
  <button
    type="button"
  >
    <span
      className="style__ButtonBase-pnyves-0 cuIwsX"
    >
      Second button
    </span>
  </button>
</div>
`;
