// Jest Snapshot v1, https://goo.gl/fbAQLP

exports[`renders without crashing 1`] = `
<div
  className="style__ModalBodyBase-md16g0-0 lhDNNM"
>
  <p
    className="style__TextBase-sc-11ixwvd-0 hKuksH"
  >
    This is the body.
  </p>
</div>
`;
