// Jest Snapshot v1, https://goo.gl/fbAQLP

exports[`renders without crashing 1`] = `
<div
  className="style__DatePickerBase-w9sfup-0 fhxaqn"
>
  <div
    className="style__DropdownBase-ht2epv-0 dYNCxh"
  >
    <div
      className="style__DaInputBase-sc-13xli4f-0 flOZAF"
    >
      <input
        disabled={false}
        onBlur={[Function]}
        onChange={[Function]}
        onClick={[Function]}
        onFocus={[Function]}
        readOnly={false}
        type="text"
        value="23/04/2021"
      />
    </div>
    <div
      className="style__PopinBase-sc-1ky0zqo-0 kIQbUy"
    >
      <div
        className="style__CalendarNavbarBase-sc-9kauge-0 eMrxQk"
      >
        <button
          className="style__IconBase-ak3679-0 KOHwy icon"
          onClick={[Function]}
          type="button"
        >
          <svg
            viewBox="0 0 143 143"
          >
            <path
              d="M97.8 123.9c-.8 0-1.6-.3-2.3-.9l-55-47.6c-.8-.7-1.2-1.6-1.2-2.6s.4-2 1.2-2.6l55-48.2c1.5-1.3 3.7-1.1 4.9.3 1.3 1.5 1.1 3.7-.3 4.9l-52 45.6 52 45c1.5 1.3 1.6 3.5.4 4.9-.8.8-1.8 1.2-2.7 1.2z"
            />
          </svg>
        </button>
        avril 2021
        <button
          className="style__IconBase-ak3679-0 KOHwy icon"
          onClick={[Function]}
          type="button"
        >
          <svg
            viewBox="0 0 143 143"
          >
            <path
              d="M43.5 123.9c-1 0-1.9-.4-2.6-1.2-1.3-1.5-1.1-3.7.3-4.9l52-45.6-52-45c-1.5-1.3-1.6-3.5-.4-4.9 1.3-1.5 3.5-1.6 4.9-.4l55 47.6c.8.7 1.2 1.6 1.2 2.6s-.4 2-1.2 2.6l-55 48.2c-.6.7-1.4 1-2.2 1z"
            />
          </svg>
        </button>
      </div>
      <div
        className="style__CalendarWeekdaysBase-sc-1ai2hag-0 krhkQ"
      >
        <div>
          l
        </div>
        <div>
          m
        </div>
        <div>
          m
        </div>
        <div>
          j
        </div>
        <div>
          v
        </div>
        <div>
          s
        </div>
        <div>
          d
        </div>
      </div>
      <div
        className="style__CalendarGridBase-sc-1qui6a5-0 ehqGoy"
      >
        <button
          className="style__CalendarCellBase-sc-17uxo6m-0 cEItIt"
          onClick={[Function]}
          type="button"
        >
          1
        </button>
        <button
          className="style__CalendarCellBase-sc-17uxo6m-0 cEItIt"
          onClick={[Function]}
          type="button"
        >
          2
        </button>
        <button
          className="style__CalendarCellBase-sc-17uxo6m-0 cEItIt"
          onClick={[Function]}
          type="button"
        >
          3
        </button>
        <button
          className="style__CalendarCellBase-sc-17uxo6m-0 cEItIt"
          onClick={[Function]}
          type="button"
        >
          4
        </button>
        <button
          className="style__CalendarCellBase-sc-17uxo6m-0 cEItIt"
          onClick={[Function]}
          type="button"
        >
          5
        </button>
        <button
          className="style__CalendarCellBase-sc-17uxo6m-0 cEItIt"
          onClick={[Function]}
          type="button"
        >
          6
        </button>
        <button
          className="style__CalendarCellBase-sc-17uxo6m-0 cEItIt"
          onClick={[Function]}
          type="button"
        >
          7
        </button>
        <button
          className="style__CalendarCellBase-sc-17uxo6m-0 cEItIt"
          onClick={[Function]}
          type="button"
        >
          8
        </button>
        <button
          className="style__CalendarCellBase-sc-17uxo6m-0 cEItIt"
          onClick={[Function]}
          type="button"
        >
          9
        </button>
        <button
          className="style__CalendarCellBase-sc-17uxo6m-0 cEItIt"
          onClick={[Function]}
          type="button"
        >
          10
        </button>
        <button
          className="style__CalendarCellBase-sc-17uxo6m-0 cEItIt"
          onClick={[Function]}
          type="button"
        >
          11
        </button>
        <button
          className="style__CalendarCellBase-sc-17uxo6m-0 cEItIt"
          onClick={[Function]}
          type="button"
        >
          12
        </button>
        <button
          className="style__CalendarCellBase-sc-17uxo6m-0 cEItIt"
          onClick={[Function]}
          type="button"
        >
          13
        </button>
        <button
          className="style__CalendarCellBase-sc-17uxo6m-0 cEItIt"
          onClick={[Function]}
          type="button"
        >
          14
        </button>
        <button
          className="style__CalendarCellBase-sc-17uxo6m-0 cEItIt"
          onClick={[Function]}
          type="button"
        >
          15
        </button>
        <button
          className="style__CalendarCellBase-sc-17uxo6m-0 cEItIt"
          onClick={[Function]}
          type="button"
        >
          16
        </button>
        <button
          className="style__CalendarCellBase-sc-17uxo6m-0 cEItIt"
          onClick={[Function]}
          type="button"
        >
          17
        </button>
        <button
          className="style__CalendarCellBase-sc-17uxo6m-0 cEItIt"
          onClick={[Function]}
          type="button"
        >
          18
        </button>
        <button
          className="style__CalendarCellBase-sc-17uxo6m-0 cEItIt"
          onClick={[Function]}
          type="button"
        >
          19
        </button>
        <button
          className="style__CalendarCellBase-sc-17uxo6m-0 cEItIt"
          onClick={[Function]}
          type="button"
        >
          20
        </button>
        <button
          className="style__CalendarCellBase-sc-17uxo6m-0 cEItIt"
          onClick={[Function]}
          type="button"
        >
          21
        </button>
        <button
          className="style__CalendarCellBase-sc-17uxo6m-0 cEItIt"
          onClick={[Function]}
          type="button"
        >
          22
        </button>
        <button
          className="style__CalendarCellBase-sc-17uxo6m-0 kqyGos"
          onClick={[Function]}
          type="button"
        >
          23
        </button>
        <button
          className="style__CalendarCellBase-sc-17uxo6m-0 cEItIt"
          onClick={[Function]}
          type="button"
        >
          24
        </button>
        <button
          className="style__CalendarCellBase-sc-17uxo6m-0 cEItIt"
          onClick={[Function]}
          type="button"
        >
          25
        </button>
        <button
          className="style__CalendarCellBase-sc-17uxo6m-0 cEItIt"
          onClick={[Function]}
          type="button"
        >
          26
        </button>
        <button
          className="style__CalendarCellBase-sc-17uxo6m-0 cEItIt"
          onClick={[Function]}
          type="button"
        >
          27
        </button>
        <button
          className="style__CalendarCellBase-sc-17uxo6m-0 cEItIt"
          onClick={[Function]}
          type="button"
        >
          28
        </button>
        <button
          className="style__CalendarCellBase-sc-17uxo6m-0 cEItIt"
          onClick={[Function]}
          type="button"
        >
          29
        </button>
        <button
          className="style__CalendarCellBase-sc-17uxo6m-0 cEItIt"
          onClick={[Function]}
          type="button"
        >
          30
        </button>
      </div>
    </div>
  </div>
</div>
`;
