// Jest Snapshot v1, https://goo.gl/fbAQLP

exports[`renders without crashing 1`] = `
<div
  className="sc-bwzfXH jEgsUd"
>
  <input
    id="radioIconTest1"
    name="radioIconTest"
    theme={
      Object {
        "bannerHeight": Object {
          "lg": "100vh",
          "sm": "50vh",
          "xs": "33vh",
        },
        "blockHeader": Object {
          "lg": "210px",
          "md": "180px",
          "sm": "140px",
          "xl": "240px",
        },
        "blockShift": Object {
          "lg": "320px",
          "md": "256px",
          "none": "0",
          "sm": "128px",
          "xl": "384px",
          "xs": "64px",
        },
        "blockSpace": Object {
          "lg": "52px",
          "md": "40px",
          "none": "0",
          "sm": "24px",
          "xl": "68px",
          "xs": "16px",
        },
        "blockWidth": Object {
          "lg": "640px",
          "md": "560px",
          "sm": "400px",
          "xl": "800px",
        },
        "button": Object {
          "font": Object {
            "lg": "1.5rem",
            "md": "1.4rem",
            "sm": "1.2rem",
          },
          "letterSpacing": Object {
            "lg": "0.45rem",
            "md": "0.4rem",
            "sm": "0.3rem",
          },
          "paddingHeight": Object {
            "lg": "16px",
            "md": "14px",
            "sm": "12px",
          },
          "paddingWidth": Object {
            "lg": "30px",
            "md": "26px",
            "sm": "22px",
          },
          "shift": "3px",
        },
        "color": Object {
          "primary": Object {
            "gradientBase": "#77d1a6",
            "gradientShade": "#a4db95",
            "light": "#d5f3e5",
            "main": "#33ad73",
          },
          "quaternary": Object {
            "gradientBase": "#e98e90",
            "gradientShade": "#e98eb9",
            "light": "#ffe0e1",
            "main": "#ec6a6a",
          },
          "secondary": Object {
            "gradientBase": "#51c6be",
            "gradientShade": "#76bbd8",
            "light": "#e1f3f2",
            "main": "#00a99d",
          },
          "status": Object {
            "danger": Object {
              "light": "#f7d7d0",
              "main": "#b54025",
            },
            "default": Object {
              "light": "#e1f3f2",
              "main": "#00a99d",
            },
            "success": Object {
              "light": "#d5f3e5",
              "main": "#33ad73",
            },
            "warning": Object {
              "light": "#fbe6ce",
              "main": "#e58a28",
            },
          },
          "tertiary": Object {
            "gradientBase": "#fab56b",
            "gradientShade": "#faa272",
            "light": "#fbe6ce",
            "main": "#e58a28",
          },
        },
        "corner": Object {
          "padding": Object {
            "lg": "6px",
          },
          "size": Object {
            "lg": "34px",
          },
        },
        "daButton": Object {
          "buttonHeight": Object {
            "lg": "44px",
            "md": "38px",
            "sm": "32px",
          },
          "font": Object {
            "lg": "1.7rem",
            "md": "1.4rem",
            "sm": "1.35rem",
          },
          "iconSpacing": Object {
            "lg": "1.1rem",
            "md": "1rem",
            "sm": "0.9rem",
          },
          "shift": Object {
            "lg": "6px",
            "md": "4px",
            "sm": "2px",
          },
        },
        "dash": "3px",
        "font": Object {
          "lineHeight": Object {
            "base": 1,
            "md": 1.5,
          },
          "size": Object {
            "base": "1.8rem",
            "lg": "3rem",
            "md": "2.1rem",
            "sm": "1.6rem",
            "tiny": "1rem",
            "xl": "4rem",
            "xs": "1.4rem",
            "xxs": "1.2rem",
          },
          "spacing": "0.3em",
          "underline": Object {
            "line": Object {
              "base": "2px",
              "lg": "3px",
              "md": "2px",
              "sm": "2px",
              "tiny": "2px",
              "xl": "3px",
              "xs": "2px",
              "xxs": "2px",
            },
            "space": Object {
              "base": "12px",
              "lg": "24px",
              "md": "12px",
              "sm": "12px",
              "tiny": "8px",
              "xl": "24px",
              "xs": "10px",
              "xxs": "10px",
            },
            "width": Object {
              "base": "50px",
              "lg": "80px",
              "md": "65px",
              "sm": "50px",
              "tiny": "30px",
              "xl": "80px",
              "xs": "40px",
              "xxs": "40px",
            },
          },
          "weight": Object {
            "bold": 700,
            "normal": 400,
          },
        },
        "form": Object {
          "checkboxSize": Object {
            "lg": "22px",
            "md": "20px",
            "sm": "18px",
          },
          "inputWidth": Object {
            "lg": "500px",
            "md": "400px",
            "sm": "330px",
          },
          "radio": Object {
            "lg": "150px",
            "md": "120px",
          },
          "textareaHeight": "200px",
        },
        "grid": Object {
          "header": "45px",
          "maxWidth": "1400px",
          "sidebar": "380px",
          "topbar": "45px",
        },
        "iconSize": Object {
          "lg": "32px",
          "md": "24px",
          "sm": "20px",
          "xl": "40px",
          "xs": "16px",
          "xxs": "12px",
        },
        "imageCircleSize": Object {
          "auto": "auto",
          "lg": "120px",
          "md": "100px",
          "sm": "80px",
          "xl": "140px",
          "xs": "60px",
        },
        "imageSize": Object {
          "auto": "auto",
          "lg": "640px",
          "md": "560px",
          "sm": "400px",
          "xl": "760px",
          "xs": "240px",
        },
        "line": "2px",
        "loaderSize": Object {
          "lg": "80px",
          "md": "70px",
          "sm": "60px",
          "xl": "90px",
          "xs": "50px",
          "xxs": "40px",
        },
        "logoHeight": Object {
          "lg": "50px",
          "md": "40px",
          "none": "auto",
          "sm": "30px",
          "xl": "60px",
          "xs": "20px",
        },
        "logoWidth": Object {
          "lg": "200px",
          "md": "150px",
          "none": "auto",
          "sm": "120px",
          "xl": "250px",
          "xs": "90px",
        },
        "name": "Default",
        "pattern": "test-file-stub",
        "query": Object {
          "max": Object {
            "lg": "max-width: 1199px",
            "md": "max-width: 959px",
            "sm": "max-width: 549px",
            "xl": "max-width: 1359px",
          },
          "min": Object {
            "lg": "min-width: 1200px",
            "md": "min-width: 960px",
            "sm": "min-width: 550px",
            "xl": "min-width: 1360px",
          },
        },
        "radius": Object {
          "lg": "12px",
          "none": "0",
          "sm": "4px",
        },
        "rotateSize": Object {
          "d0": "0deg",
          "d135": "135deg",
          "d180": "180deg",
          "d225": "225deg",
          "d270": "270deg",
          "d315": "315deg",
          "d45": "45deg",
          "d90": "90deg",
        },
        "shadow": Object {
          "opacity": Object {
            "lg": 0.7,
            "md": 0.8,
            "none": 1,
            "sm": 0.9,
            "xs": 0.95,
          },
          "size": Object {
            "lg": "3px 3px 20px",
            "md": "2px 2px 15px",
            "none": "0 0 0",
            "sm": "1px 1px 10px",
            "xs": "1px 1px 5px",
          },
        },
        "space": Object {
          "lg": "32px",
          "md": "16px",
          "none": "0",
          "sm": "8px",
          "xl": "64px",
          "xs": "4px",
        },
        "transition": Object {
          "lg": "0.7s",
          "md": "0.5s",
          "sm": "0.3s",
          "xl": "1s",
          "xs": "0.2s",
          "xxs": "0.1s",
        },
        "wab": Object {
          "black00": "#000000",
          "grey10": "#eeeeee",
          "grey20": "#dbdbdb",
          "grey30": "#aaaaaa",
          "grey40": "#858585",
          "grey50": "#636363",
          "grey60": "#434343",
          "white00": "#ffffff",
          "white10": "#fafafa",
          "white20": "#f6f6f6",
        },
        "wave": Object {
          "double": "11vw",
          "simple": "8vw",
        },
        "zindex": Object {
          "background": -1,
          "base": 0,
          "content": 1,
          "front": 5,
          "header": 110,
          "hidden": -100,
          "layer": -5,
          "loader": 90,
          "menu": 100,
          "modal": 120,
        },
      }
    }
    type="radio"
  />
  <label
    htmlFor="radioIconTest1"
  >
    <span
      className="sc-bdVaJa dqKbbE icon"
    >
      <svg
        viewBox="0 0 143 143"
      >
        <path
          d="M115.5 94.1c-1.9 0-3.5 1.6-3.5 3.5v18H29v-18c0-1.9-1.6-3.5-3.5-3.5S22 95.6 22 97.6v20.3c0 2.7 2.3 4.7 5.3 4.7h86.4c3 0 5.3-2.1 5.3-4.7V97.6c0-2-1.6-3.5-3.5-3.5z"
        />
        <path
          d="M117.5 41.1h-94c-2.9 0-5.3 2.4-5.3 5.3v39.7c0 2.9 2.4 5.3 5.3 5.3h31.3c.7 5.5 5.4 9.7 11 9.7h11.7c5.6 0 10.3-4.2 11-9.7h29c2.9 0 5.3-2.4 5.3-5.3V46.4c0-2.9-2.3-5.3-5.3-5.3zM81.6 89.9c0 2.3-1.9 4.1-4.1 4.1H65.8c-2.3 0-4.1-1.9-4.1-4.1v-4c0-2.3 1.9-4.1 4.1-4.1h11.7c2.3 0 4.1 1.9 4.1 4.1v4zm34.2-5.5H88.5c-.7-5.4-5.4-9.6-11-9.6H65.8c-5.6 0-10.3 4.2-11 9.6H25.2V48.1h90.7l-.1 36.3zM57.3 38.8c1.9 0 3.5-1.6 3.5-3.5v-5.9H82.5l-.1 5.8c0 1.9 1.5 3.5 3.5 3.5 1.9 0 3.5-1.5 3.5-3.5l.1-7c0-3.3-3.1-5.9-7.1-5.9H60.9c-4 0-7.1 2.6-7.1 5.9v6.9c0 2.1 1.5 3.7 3.5 3.7z"
        />
      </svg>
    </span>
    <span
      className="checked"
    >
      <span
        className="sc-bdVaJa kIcKcA icon"
      >
        <svg
          viewBox="0 0 143 143"
        >
          <path
            d="M67.1 123c-1.8 0-3.5-.7-4.8-1.9l-48.6-45c-2.8-2.6-3-7.1-.4-9.9 2.6-2.8 7.1-3 9.9-.4l42.6 39.4 52.8-78.5c2.2-3.2 6.5-4.1 9.7-1.9s4.1 6.5 1.9 9.7l-57.4 85.2c-1.1 1.7-3 2.8-5 3-.1.3-.4.3-.7.3z"
          />
        </svg>
      </span>
    </span>
    label
  </label>
</div>
`;
