// Jest Snapshot v1, https://goo.gl/fbAQLP

exports[`renders without crashing 1`] = `
<ul
  className="sc-dlnjPT cBXuOr"
>
  <li>
    <p
      className="sc-bdnylx egJJsX"
    >
      Text 1
    </p>
  </li>
  <li>
    <span
      className="sc-gtssRu bnSVNh"
    />
    <p
      className="sc-bdnylx egJJsX"
    >
      Text 2
    </p>
  </li>
  <li>
    <span
      className="sc-gtssRu bnSVNh"
    />
    <p
      className="sc-bdnylx egJJsX"
    >
      Text 3
    </p>
  </li>
</ul>
`;
