// Jest Snapshot v1, https://goo.gl/fbAQLP

exports[`renders without crashing 1`] = `
<a
  href="#"
>
  <div
    className="sc-htpNat gCTvAu"
  >
    <span
      className="sc-bdVaJa fcjtnt icon"
    >
      <svg
        viewBox="0 0 143 143"
      >
        <path
          d="M130.5 104c-1.8 0-3.3-1.4-3.5-3.2 0-.2-1.5-17.9-12.4-32.3-1.2-1.5-.9-3.7.7-4.9 1.5-1.2 3.7-.9 4.9.7 12.2 16.2 13.7 35.2 13.8 36 .1 1.9-1.3 3.6-3.2 3.8-.1-.1-.2-.1-.3-.1zM12.5 104h-.2c-1.9-.1-3.4-1.8-3.3-3.7 0-.6.9-14.9 9-29.4 7.5-13.6 22.9-29.7 53.5-29.7 11 0 19.6 2.4 24.9 4.5 1.8.7 2.7 2.7 2 4.5s-2.7 2.7-4.5 2c-4.8-1.8-12.6-4-22.4-4-21.7 0-37.6 8.7-47.3 25.9-7.4 13.1-8.2 26.5-8.2 26.6-.1 1.9-1.7 3.3-3.5 3.3zM79 104h-5.6c-1.2 0-1.9-.3-2.3-.5-.3-.2-.6-.4-.9-.7-1-1-1.2-2.3-1.2-3.2V94c0-1.3.2-1.9.3-2.1.1-.3.3-1 1.4-2.1l43.3-47c1.2-1.3 3.3-1.5 4.7-.4s1.8 3.2.8 4.7l-36 54.6c-.1.2-.3.4-.5.6l-.1.1c-.4.4-.7.7-1.1.8-.3.4-1.1.8-2.8.8zm-2.9-7h2.2L90 79.4l-13.8 15-.1 2.6z"
        />
        <path
          d="M71.5 67.1c-2 0-3.5-1.6-3.5-3.5l.1-7.8c0-1.9 1.6-3.5 3.5-3.5s3.5 1.6 3.5 3.5l-.1 7.9c0 1.9-1.6 3.4-3.5 3.4zM50.2 73.3c-1 0-2.1-.5-2.7-1.3l-4.8-6.1c-1.2-1.5-.9-3.7.6-4.9s3.7-.9 4.9.6l4.8 6.1c1.2 1.5.9 3.7-.6 4.9-.6.4-1.4.7-2.2.7zM35.2 89c-.5 0-.9-.1-1.4-.3l-7.2-3c-1.8-.8-2.6-2.8-1.9-4.6.8-1.8 2.8-2.6 4.6-1.9l7.2 3c1.8.8 2.6 2.8 1.9 4.6-.6 1.4-1.9 2.2-3.2 2.2zM107.5 89.5c-1.4 0-2.7-.8-3.2-2.1-.8-1.8.1-3.8 1.9-4.6l7.2-3c1.8-.7 3.8.1 4.6 1.9.8 1.8-.1 3.8-1.9 4.6l-7.2 3c-.5.1-1 .2-1.4.2z"
        />
      </svg>
    </span>
    <span
      className="sc-bwzfXH ifokyD"
    >
      Payment
    </span>
  </div>
</a>
`;
